
> frontend@0.1.0 dev
> next dev

 ⚠ Port 3000 is in use, trying 3001 instead.
 ⚠ Port 3001 is in use, trying 3002 instead.
  ▲ Next.js 14.2.35
  - Local:        http://localhost:3002

 ✓ Starting...
 ✓ Ready in 3s
 ○ Compiling / ...
 ✓ Compiled / in 5s (483 modules)
 GET / 200 in 5649ms
 ○ Compiling /onboarding/manual ...
 ✓ Compiled /onboarding/manual in 782ms (497 modules)
 ✓ Compiled /_not-found in 393ms (500 modules)
 POST /api/project/initialize 404 in 582ms
 ✓ Compiled /onboarding/generating in 220ms (506 modules)
 ✓ Compiled /editor in 376ms (512 modules)
 GET /api/project/current 404 in 85ms
 GET /api/project/current 404 in 27ms
 GET /api/project/current 404 in 25ms
 ✓ Compiled in 3.1s (514 modules)
 ✓ Compiled / in 148ms (254 modules)
 GET / 200 in 358ms
 ✓ Compiled /onboarding/manual in 198ms (258 modules)
 ○ Compiling /api/project/[...slug] ...
 ✓ Compiled /api/project/[...slug] in 584ms (289 modules)
 POST /api/project/initialize 200 in 1522ms
 GET /api/project/current 200 in 30ms
 GET /api/project/current 200 in 20ms
 GET / 200 in 1277ms
 POST /api/project/initialize 200 in 255ms
 GET /api/project/current 200 in 37ms
 GET /api/project/current 200 in 53ms
